warning: profiles for the non root package will be ignored, specify profiles at the workspace root:
package:   C:\Users\Eric\Documents\Exo-OS\kernel\Cargo.toml
workspace: C:\Users\Eric\Documents\Exo-OS\Cargo.toml
   Compiling bitflags v2.9.4
   Compiling scopeguard v1.2.0
   Compiling bit_field v0.10.3
   Compiling volatile v0.4.6
   Compiling bitflags v1.3.2
   Compiling uguid v2.2.1
   Compiling multiboot2-common v0.1.2
   Compiling log v0.4.28
   Compiling lock_api v0.4.14
   Compiling x86_64 v0.14.13
   Compiling uefi-raw v0.5.2
   Compiling raw-cpuid v10.7.0
   Compiling exo-kernel v0.2.0 (C:\Users\Eric\Documents\Exo-OS\kernel)
   Compiling hashbrown v0.14.5
   Compiling volatile v0.5.4
   Compiling spinning_top v0.2.5
   Compiling spin v0.9.8
   Compiling linked_list_allocator v0.10.5
   Compiling lazy_static v1.5.0
   Compiling multiboot2 v0.22.2
warning: exo-kernel@0.2.0: Compiled boot.asm with NASM
warning: exo-kernel@0.2.0: Compiled serial.c
warning: exo-kernel@0.2.0: src/scheduler/windowed_context_switch.S: Assembler messages:
warning: exo-kernel@0.2.0: src/scheduler/windowed_context_switch.S:11: Warning: .type pseudo-op used outside of .def/.endef: ignored.
warning: exo-kernel@0.2.0: src/scheduler/windowed_context_switch.S:11: Error: junk at end of line, first unrecognized character is `w'
warning: exo-kernel@0.2.0: src/scheduler/windowed_context_switch.S:42: Warning: .type pseudo-op used outside of .def/.endef: ignored.
warning: exo-kernel@0.2.0: src/scheduler/windowed_context_switch.S:42: Error: junk at end of line, first unrecognized character is `w'
warning: exo-kernel@0.2.0: src/scheduler/windowed_context_switch.S:78: Warning: .type pseudo-op used outside of .def/.endef: ignored.
warning: exo-kernel@0.2.0: src/scheduler/windowed_context_switch.S:78: Error: junk at end of line, first unrecognized character is `w'
warning: exo-kernel@0.2.0: src/scheduler/windowed_context_switch.S:104: Warning: .size pseudo-op used outside of .def/.endef: ignored.
warning: exo-kernel@0.2.0: src/scheduler/windowed_context_switch.S:104: Error: junk at end of line, first unrecognized character is `w'
warning: exo-kernel@0.2.0: src/scheduler/windowed_context_switch.S:105: Warning: .size pseudo-op used outside of .def/.endef: ignored.
warning: exo-kernel@0.2.0: src/scheduler/windowed_context_switch.S:105: Error: junk at end of line, first unrecognized character is `w'
warning: exo-kernel@0.2.0: src/scheduler/windowed_context_switch.S:106: Warning: .size pseudo-op used outside of .def/.endef: ignored.
warning: exo-kernel@0.2.0: src/scheduler/windowed_context_switch.S:106: Error: junk at end of line, first unrecognized character is `w'
error: failed to run custom build command for `exo-kernel v0.2.0 (C:\Users\Eric\Documents\Exo-OS\kernel)`

Caused by:
  process didn't exit successfully: `C:\Users\Eric\Documents\Exo-OS\target\release\build\exo-kernel-a7c44973994be2c0\build-script-build` (exit code: 1)
  --- stdout
  cargo:rerun-if-changed=src/arch/x86_64/boot.asm
  cargo:rerun-if-changed=src/c_compat/serial.c
  cargo:rustc-link-arg=C:\Users\Eric\Documents\Exo-OS\target\x86_64-unknown-none\release\build\exo-kernel-977c3b6337cc64f0\out\boot.o
  cargo:warning=Compiled boot.asm with NASM
  OUT_DIR = Some(C:\Users\Eric\Documents\Exo-OS\target\x86_64-unknown-none\release\build\exo-kernel-977c3b6337cc64f0\out)
  OPT_LEVEL = Some(3)
  TARGET = Some(x86_64-unknown-none)
  CARGO_ENCODED_RUSTFLAGS = Some(-Clink-arg=-T-Clink-arg=linker.ld-Clink-arg=--no-pie-Crelocation-model=static)
  HOST = Some(x86_64-pc-windows-msvc)
  cargo:rerun-if-env-changed=CC_x86_64-unknown-none
  CC_x86_64-unknown-none = None
  cargo:rerun-if-env-changed=CC_x86_64_unknown_none
  CC_x86_64_unknown_none = None
  cargo:rerun-if-env-changed=TARGET_CC
  TARGET_CC = None
  cargo:rerun-if-env-changed=CC
  CC = None
  cargo:rerun-if-env-changed=CROSS_COMPILE
  CROSS_COMPILE = None
  RUSTC_LINKER = None
  cargo:rerun-if-env-changed=CC_ENABLE_DEBUG_OUTPUT
  RUSTC_WRAPPER = None
  cargo:rerun-if-env-changed=CRATE_CC_NO_DEFAULTS
  CRATE_CC_NO_DEFAULTS = None
  DEBUG = Some(false)
  CARGO_CFG_TARGET_FEATURE = Some(fxsr,soft-float,x87)
  cargo:rerun-if-env-changed=CFLAGS
  CFLAGS = None
  cargo:rerun-if-env-changed=TARGET_CFLAGS
  TARGET_CFLAGS = None
  cargo:rerun-if-env-changed=CFLAGS_x86_64_unknown_none
  CFLAGS_x86_64_unknown_none = None
  cargo:rerun-if-env-changed=CFLAGS_x86_64-unknown-none
  CFLAGS_x86_64-unknown-none = None
  cargo:rerun-if-env-changed=AR_x86_64-unknown-none
  AR_x86_64-unknown-none = None
  cargo:rerun-if-env-changed=AR_x86_64_unknown_none
  AR_x86_64_unknown_none = None
  cargo:rerun-if-env-changed=TARGET_AR
  TARGET_AR = None
  cargo:rerun-if-env-changed=AR
  AR = None
  cargo:rerun-if-env-changed=ARFLAGS
  ARFLAGS = None
  cargo:rerun-if-env-changed=TARGET_ARFLAGS
  TARGET_ARFLAGS = None
  cargo:rerun-if-env-changed=ARFLAGS_x86_64_unknown_none
  ARFLAGS_x86_64_unknown_none = None
  cargo:rerun-if-env-changed=ARFLAGS_x86_64-unknown-none
  ARFLAGS_x86_64-unknown-none = None
  cargo:rustc-link-lib=static=c_serial
  cargo:rustc-link-search=native=C:\Users\Eric\Documents\Exo-OS\target\x86_64-unknown-none\release\build\exo-kernel-977c3b6337cc64f0\out
  cargo:warning=Compiled serial.c
  cargo:rerun-if-changed=src/scheduler/windowed_context_switch.S
  OUT_DIR = Some(C:\Users\Eric\Documents\Exo-OS\target\x86_64-unknown-none\release\build\exo-kernel-977c3b6337cc64f0\out)
  OPT_LEVEL = Some(3)
  TARGET = Some(x86_64-unknown-none)
  CARGO_ENCODED_RUSTFLAGS = Some(-Clink-arg=-T-Clink-arg=linker.ld-Clink-arg=--no-pie-Crelocation-model=static)
  HOST = Some(x86_64-pc-windows-msvc)
  cargo:rerun-if-env-changed=CC_x86_64-unknown-none
  CC_x86_64-unknown-none = None
  cargo:rerun-if-env-changed=CC_x86_64_unknown_none
  CC_x86_64_unknown_none = None
  cargo:rerun-if-env-changed=TARGET_CC
  TARGET_CC = None
  cargo:rerun-if-env-changed=CC
  CC = None
  cargo:rerun-if-env-changed=CROSS_COMPILE
  CROSS_COMPILE = None
  RUSTC_LINKER = None
  cargo:rerun-if-env-changed=CC_ENABLE_DEBUG_OUTPUT
  RUSTC_WRAPPER = None
  cargo:rerun-if-env-changed=CRATE_CC_NO_DEFAULTS
  CRATE_CC_NO_DEFAULTS = None
  DEBUG = Some(false)
  CARGO_CFG_TARGET_FEATURE = Some(fxsr,soft-float,x87)
  cargo:rerun-if-env-changed=CFLAGS
  CFLAGS = None
  cargo:rerun-if-env-changed=TARGET_CFLAGS
  TARGET_CFLAGS = None
  cargo:rerun-if-env-changed=CFLAGS_x86_64_unknown_none
  CFLAGS_x86_64_unknown_none = None
  cargo:rerun-if-env-changed=CFLAGS_x86_64-unknown-none
  CFLAGS_x86_64-unknown-none = None
  cargo:warning=src/scheduler/windowed_context_switch.S: Assembler messages:
  cargo:warning=src/scheduler/windowed_context_switch.S:11: Warning: .type pseudo-op used outside of .def/.endef: ignored.
  cargo:warning=src/scheduler/windowed_context_switch.S:11: Error: junk at end of line, first unrecognized character is `w'
  cargo:warning=src/scheduler/windowed_context_switch.S:42: Warning: .type pseudo-op used outside of .def/.endef: ignored.
  cargo:warning=src/scheduler/windowed_context_switch.S:42: Error: junk at end of line, first unrecognized character is `w'
  cargo:warning=src/scheduler/windowed_context_switch.S:78: Warning: .type pseudo-op used outside of .def/.endef: ignored.
  cargo:warning=src/scheduler/windowed_context_switch.S:78: Error: junk at end of line, first unrecognized character is `w'
  cargo:warning=src/scheduler/windowed_context_switch.S:104: Warning: .size pseudo-op used outside of .def/.endef: ignored.
  cargo:warning=src/scheduler/windowed_context_switch.S:104: Error: junk at end of line, first unrecognized character is `w'
  cargo:warning=src/scheduler/windowed_context_switch.S:105: Warning: .size pseudo-op used outside of .def/.endef: ignored.
  cargo:warning=src/scheduler/windowed_context_switch.S:105: Error: junk at end of line, first unrecognized character is `w'
  cargo:warning=src/scheduler/windowed_context_switch.S:106: Warning: .size pseudo-op used outside of .def/.endef: ignored.
  cargo:warning=src/scheduler/windowed_context_switch.S:106: Error: junk at end of line, first unrecognized character is `w'

  --- stderr
  src/arch/x86_64/boot.asm:45: warning: attempt to initialize memory in BSS section `.bss': ignored [-w+other]
  src/arch/x86_64/boot.asm:49: warning: attempt to initialize memory in BSS section `.bss': ignored [-w+other]


  error occurred in cc-rs: command did not execute successfully (status code exit code: 1): "cc" "-O3" "-ffunction-sections" "-fdata-sections" "-m64" "-Wall" "-Wextra" "-ffreestanding" "-fno-stack-protector" "-mno-red-zone" "-o" "C:\\Users\\Eric\\Documents\\Exo-OS\\target\\x86_64-unknown-none\\release\\build\\exo-kernel-977c3b6337cc64f0\\out\\eec18c0b8961f434-windowed_context_switch.o" "-c" "src/scheduler/windowed_context_switch.S"


warning: build failed, waiting for other jobs to finish...
